"object(:sample_schema_resolver) do\n  [\n    field(:age, :integer) do\n      nil\n\n      resolve(fn params, ctx = %{source: source} ->\n        apply(Tingle.SchemaTest.SampleSchemaResolver, :age, [source, params, ctx])\n      end)\n    end,\n    field(:name, list_of(String)) do\n      (\n        arg(:name, :string)\n        arg(:filter, :filter)\n      )\n\n      resolve(fn params, ctx = %{source: source} ->\n        apply(Tingle.SchemaTest.SampleSchemaResolver, :name, [source, params, ctx])\n      end)\n    end\n  ]\nend"